run_id:        2609.31098-a00-s1338
device:        cuda
seed:          1338
n_layer:       12
n_embd:        384
n_head:        6
block_size:    256
batch_size:    64
gamma:         1.0
max_iters:     5000
n_passages:    10000
train:         1
tf32:          True
model_config:  {'block_size': 256, 'vocab_size': 65, 'n_layer': 12, 'n_head': 6, 'n_embd': 384}
num_params:    21376128
vocab_size:    65
corpus_chars:  1115394
F_L:           1.846154
iter 00001/5000 | train_loss: 4.2547 | mean100: 4.2547 | elapsed_s: 0 | ms_per_iter: 468.9
iter 00500/5000 | train_loss: 2.1090 | mean100: 2.2258 | elapsed_s: 69 | ms_per_iter: 139.0
iter 01000/5000 | train_loss: 1.4879 | mean100: 1.5346 | elapsed_s: 139 | ms_per_iter: 138.6
iter 01500/5000 | train_loss: 1.2838 | mean100: 1.3041 | elapsed_s: 208 | ms_per_iter: 138.5
iter 02000/5000 | train_loss: 1.1263 | mean100: 1.1304 | elapsed_s: 277 | ms_per_iter: 138.4
iter 02500/5000 | train_loss: 0.8636 | mean100: 0.8842 | elapsed_s: 346 | ms_per_iter: 138.4
iter 03000/5000 | train_loss: 0.5782 | mean100: 0.5887 | elapsed_s: 415 | ms_per_iter: 138.4
iter 03500/5000 | train_loss: 0.3791 | mean100: 0.3853 | elapsed_s: 484 | ms_per_iter: 138.4
iter 04000/5000 | train_loss: 0.2998 | mean100: 0.2923 | elapsed_s: 553 | ms_per_iter: 138.3
iter 04500/5000 | train_loss: 0.2388 | mean100: 0.2497 | elapsed_s: 623 | ms_per_iter: 138.3
iter 05000/5000 | train_loss: 0.2140 | mean100: 0.2239 | elapsed_s: 692 | ms_per_iter: 138.3
---
d_eff:               1.174035
d_eff_over_L:        0.097836
F_L:                 1.846154
gap_to_F_L:          0.364064
rho_lag1:            0.925567
norm_ratio_f_over_h: 0.272047
n_passages_used:     10000
val_loss:            3.539644
train_iters_done:    5000
train_seconds:       691.6
total_seconds:       701.3
peak_vram_mb:        5006.1
device_name:         NVIDIA RTX PRO 6000 Blackwell Server Edition MIG 1g.24gb
cuda_version:        12.8
AXV_METRICS_JSON {"F_L":1.8461538461538463,"batch_size":64,"block_size":256,"cka_matrix":[[1.0,0.9255669704133793,0.892778317075025,0.8614082357656053,0.8350494986066028,0.8125530601091562,0.8006386253434501,0.7743716184891563,0.7525810808800675,0.7294724425855281,0.7168466102054538,0.7888648996609023],[0.9255669704133793,1.0,0.9255669704133793,0.892778317075025,0.8614082357656053,0.8350494986066028,0.8125530601091562,0.8006386253434501,0.7743716184891563,0.7525810808800675,0.7294724425855281,0.7168466102054538],[0.892778317075025,0.9255669704133793,1.0,0.9255669704133793,0.892778317075025,0.8614082357656053,0.8350494986066028,0.8125530601091562,0.8006386253434501,0.7743716184891563,0.7525810808800675,0.7294724425855281],[0.8614082357656053,0.892778317075025,0.9255669704133793,1.0,0.9255669704133793,0.892778317075025,0.8614082357656053,0.8350494986066028,0.8125530601091562,0.8006386253434501,0.7743716184891563,0.7525810808800675],[0.8350494986066028,0.8614082357656053,0.892778317075025,0.9255669704133793,1.0,0.9255669704133793,0.892778317075025,0.8614082357656053,0.8350494986066028,0.8125530601091562,0.8006386253434501,0.7743716184891563],[0.8125530601091562,0.8350494986066028,0.8614082357656053,0.892778317075025,0.9255669704133793,1.0,0.9255669704133793,0.892778317075025,0.8614082357656053,0.8350494986066028,0.8125530601091562,0.8006386253434501],[0.8006386253434501,0.8125530601091562,0.8350494986066028,0.8614082357656053,0.892778317075025,0.9255669704133793,1.0,0.9255669704133793,0.892778317075025,0.8614082357656053,0.8350494986066028,0.8125530601091562],[0.7743716184891563,0.8006386253434501,0.8125530601091562,0.8350494986066028,0.8614082357656053,0.892778317075025,0.9255669704133793,1.0,0.9255669704133793,0.892778317075025,0.8614082357656053,0.8350494986066028],[0.7525810808800675,0.7743716184891563,0.8006386253434501,0.8125530601091562,0.8350494986066028,0.8614082357656053,0.892778317075025,0.9255669704133793,1.0,0.9255669704133793,0.892778317075025,0.8614082357656053],[0.7294724425855281,0.7525810808800675,0.7743716184891563,0.8006386253434501,0.8125530601091562,0.8350494986066028,0.8614082357656053,0.892778317075025,0.9255669704133793,1.0,0.9255669704133793,0.892778317075025],[0.7168466102054538,0.7294724425855281,0.7525810808800675,0.7743716184891563,0.8006386253434501,0.8125530601091562,0.8350494986066028,0.8614082357656053,0.892778317075025,0.9255669704133793,1.0,0.9255669704133793],[0.7888648996609023,0.7168466102054538,0.7294724425855281,0.7525810808800675,0.7743716184891563,0.8006386253434501,0.8125530601091562,0.8350494986066028,0.8614082357656053,0.892778317075025,0.9255669704133793,1.0]],"corpus_chars":1115394,"cuda_version":"12.8","d_eff":1.174035213467852,"d_eff_over_L":0.09783626778898767,"device":"cuda","device_name":"NVIDIA RTX PRO 6000 Blackwell Server Edition MIG 1g.24gb","gamma":1.0,"gap_to_F_L":0.3640642593715802,"max_iters":5000,"measure_seconds":7.719233751296997,"n_embd":384,"n_head":6,"n_layer":12,"n_passages_used":10000,"n_valid_positions_per_passage":256,"norm_ratio_update_over_state":0.27204747737799867,"num_params":21376128,"rho":{"1":0.9255669704133793,"10":0.7168466102054538,"11":0.7888648996609023,"2":0.892778317075025,"3":0.8614082357656053,"4":0.8350494986066028,"5":0.8125530601091562,"6":0.8006386253434501,"7":0.7743716184891563,"8":0.7525810808800675,"9":0.7294724425855281},"rho_lag1":0.9255669704133793,"run_id":"2609.31098-a00-s1338","seed":1338,"tf32":true,"time_budget_kind":"fixed_iterations","torch_version":"2.8.0+cu128","total_seconds":701.2984478473663,"train_iters_done":5000,"train_seconds":691.6116991043091,"trained":true,"val_loss":3.539643907546997,"vocab_size":65}
AXV_RUN_END 2609.31098-a00-s1338 status=ok
AXV_ARM_END 2609.31098-a00-s1338 rc=0 took_sec=704
guard_update: ms_per_iter=138 (measured train_seconds=691 over 5000 iters)
s1338_rc: 0
