run_id:        2609.31098-a00-s1339
device:        cuda
seed:          1339
n_layer:       12
n_embd:        384
n_head:        6
block_size:    256
batch_size:    64
gamma:         1.0
max_iters:     5000
n_passages:    10000
train:         1
tf32:          True
model_config:  {'block_size': 256, 'vocab_size': 65, 'n_layer': 12, 'n_head': 6, 'n_embd': 384}
num_params:    21376128
vocab_size:    65
corpus_chars:  1115394
F_L:           1.846154
iter 00001/5000 | train_loss: 4.3738 | mean100: 4.3738 | elapsed_s: 0 | ms_per_iter: 449.9
iter 00500/5000 | train_loss: 1.9535 | mean100: 2.0585 | elapsed_s: 69 | ms_per_iter: 139.0
iter 01000/5000 | train_loss: 1.4116 | mean100: 1.4788 | elapsed_s: 139 | ms_per_iter: 138.6
iter 01500/5000 | train_loss: 1.2837 | mean100: 1.2851 | elapsed_s: 208 | ms_per_iter: 138.5
iter 02000/5000 | train_loss: 1.0955 | mean100: 1.1380 | elapsed_s: 277 | ms_per_iter: 138.5
iter 02500/5000 | train_loss: 0.9389 | mean100: 0.9658 | elapsed_s: 346 | ms_per_iter: 138.5
iter 03000/5000 | train_loss: 0.7002 | mean100: 0.7411 | elapsed_s: 415 | ms_per_iter: 138.4
iter 03500/5000 | train_loss: 0.5108 | mean100: 0.5277 | elapsed_s: 484 | ms_per_iter: 138.4
iter 04000/5000 | train_loss: 0.3457 | mean100: 0.3835 | elapsed_s: 554 | ms_per_iter: 138.4
iter 04500/5000 | train_loss: 0.3279 | mean100: 0.3095 | elapsed_s: 623 | ms_per_iter: 138.4
iter 05000/5000 | train_loss: 0.2665 | mean100: 0.2657 | elapsed_s: 692 | ms_per_iter: 138.4
---
d_eff:               1.146013
d_eff_over_L:        0.095501
F_L:                 1.846154
gap_to_F_L:          0.379243
rho_lag1:            0.934789
norm_ratio_f_over_h: 0.222595
n_passages_used:     10000
val_loss:            3.354165
train_iters_done:    5000
train_seconds:       691.9
total_seconds:       701.5
peak_vram_mb:        5006.1
device_name:         NVIDIA RTX PRO 6000 Blackwell Server Edition MIG 1g.24gb
cuda_version:        12.8
AXV_METRICS_JSON {"F_L":1.8461538461538463,"batch_size":64,"block_size":256,"cka_matrix":[[1.0,0.9347887816383836,0.909092259880188,0.8852880434664638,0.861370077960898,0.8398986209875406,0.824431045831334,0.8097373890434583,0.7900893286228482,0.7700667627248686,0.7382658308883082,0.7727326255777534],[0.9347887816383836,1.0,0.9347887816383836,0.909092259880188,0.8852880434664638,0.861370077960898,0.8398986209875406,0.824431045831334,0.8097373890434583,0.7900893286228482,0.7700667627248686,0.7382658308883082],[0.909092259880188,0.9347887816383836,1.0,0.9347887816383836,0.909092259880188,0.8852880434664638,0.861370077960898,0.8398986209875406,0.824431045831334,0.8097373890434583,0.7900893286228482,0.7700667627248686],[0.8852880434664638,0.909092259880188,0.9347887816383836,1.0,0.9347887816383836,0.909092259880188,0.8852880434664638,0.861370077960898,0.8398986209875406,0.824431045831334,0.8097373890434583,0.7900893286228482],[0.861370077960898,0.8852880434664638,0.909092259880188,0.9347887816383836,1.0,0.9347887816383836,0.909092259880188,0.8852880434664638,0.861370077960898,0.8398986209875406,0.824431045831334,0.8097373890434583],[0.8398986209875406,0.861370077960898,0.8852880434664638,0.909092259880188,0.9347887816383836,1.0,0.9347887816383836,0.909092259880188,0.8852880434664638,0.861370077960898,0.8398986209875406,0.824431045831334],[0.824431045831334,0.8398986209875406,0.861370077960898,0.8852880434664638,0.909092259880188,0.9347887816383836,1.0,0.9347887816383836,0.909092259880188,0.8852880434664638,0.861370077960898,0.8398986209875406],[0.8097373890434583,0.824431045831334,0.8398986209875406,0.861370077960898,0.8852880434664638,0.909092259880188,0.9347887816383836,1.0,0.9347887816383836,0.909092259880188,0.8852880434664638,0.861370077960898],[0.7900893286228482,0.8097373890434583,0.824431045831334,0.8398986209875406,0.861370077960898,0.8852880434664638,0.909092259880188,0.9347887816383836,1.0,0.9347887816383836,0.909092259880188,0.8852880434664638],[0.7700667627248686,0.7900893286228482,0.8097373890434583,0.824431045831334,0.8398986209875406,0.861370077960898,0.8852880434664638,0.909092259880188,0.9347887816383836,1.0,0.9347887816383836,0.909092259880188],[0.7382658308883082,0.7700667627248686,0.7900893286228482,0.8097373890434583,0.824431045831334,0.8398986209875406,0.861370077960898,0.8852880434664638,0.909092259880188,0.9347887816383836,1.0,0.9347887816383836],[0.7727326255777534,0.7382658308883082,0.7700667627248686,0.7900893286228482,0.8097373890434583,0.824431045831334,0.8398986209875406,0.861370077960898,0.8852880434664638,0.909092259880188,0.9347887816383836,1.0]],"corpus_chars":1115394,"cuda_version":"12.8","d_eff":1.1460125397885914,"d_eff_over_L":0.09550104498238261,"device":"cuda","device_name":"NVIDIA RTX PRO 6000 Blackwell Server Edition MIG 1g.24gb","gamma":1.0,"gap_to_F_L":0.379243207614513,"max_iters":5000,"measure_seconds":7.782498359680176,"n_embd":384,"n_head":6,"n_layer":12,"n_passages_used":10000,"n_valid_positions_per_passage":256,"norm_ratio_update_over_state":0.2225949540782137,"num_params":21376128,"rho":{"1":0.9347887816383836,"10":0.7382658308883082,"11":0.7727326255777534,"2":0.909092259880188,"3":0.8852880434664638,"4":0.861370077960898,"5":0.8398986209875406,"6":0.824431045831334,"7":0.8097373890434583,"8":0.7900893286228482,"9":0.7700667627248686},"rho_lag1":0.9347887816383836,"run_id":"2609.31098-a00-s1339","seed":1339,"tf32":true,"time_budget_kind":"fixed_iterations","torch_version":"2.8.0+cu128","total_seconds":701.5132806301117,"train_iters_done":5000,"train_seconds":691.8792259693146,"trained":true,"val_loss":3.3541649997234346,"vocab_size":65}
AXV_RUN_END 2609.31098-a00-s1339 status=ok
AXV_ARM_END 2609.31098-a00-s1339 rc=0 took_sec=703
guard_update: ms_per_iter=138 (measured train_seconds=691 over 5000 iters)
s1339_rc: 0
=== TIER 5a: the paper's own random-weight null (no training, cheap) ===
