run_id:        2609.31098-a00-s1337
device:        cuda
seed:          1337
n_layer:       12
n_embd:        384
n_head:        6
block_size:    256
batch_size:    64
gamma:         1.0
max_iters:     5000
n_passages:    10000
train:         1
tf32:          True
model_config:  {'block_size': 256, 'vocab_size': 65, 'n_layer': 12, 'n_head': 6, 'n_embd': 384}
num_params:    21376128
vocab_size:    65
corpus_chars:  1115394
F_L:           1.846154
iter 00001/5000 | train_loss: 4.2163 | mean100: 4.2163 | elapsed_s: 0 | ms_per_iter: 453.7
iter 00500/5000 | train_loss: 1.7829 | mean100: 1.8988 | elapsed_s: 69 | ms_per_iter: 139.0
iter 01000/5000 | train_loss: 1.3307 | mean100: 1.3479 | elapsed_s: 139 | ms_per_iter: 138.7
iter 01500/5000 | train_loss: 1.1249 | mean100: 1.1402 | elapsed_s: 208 | ms_per_iter: 138.5
iter 02000/5000 | train_loss: 0.8721 | mean100: 0.9055 | elapsed_s: 277 | ms_per_iter: 138.5
iter 02500/5000 | train_loss: 0.5800 | mean100: 0.6196 | elapsed_s: 346 | ms_per_iter: 138.4
iter 03000/5000 | train_loss: 0.3889 | mean100: 0.4027 | elapsed_s: 415 | ms_per_iter: 138.4
iter 03500/5000 | train_loss: 0.2919 | mean100: 0.2968 | elapsed_s: 484 | ms_per_iter: 138.4
iter 04000/5000 | train_loss: 0.2570 | mean100: 0.2454 | elapsed_s: 553 | ms_per_iter: 138.4
iter 04500/5000 | train_loss: 0.2195 | mean100: 0.2192 | elapsed_s: 623 | ms_per_iter: 138.4
iter 05000/5000 | train_loss: 0.2043 | mean100: 0.2012 | elapsed_s: 692 | ms_per_iter: 138.3
---
d_eff:               1.175108
d_eff_over_L:        0.097926
F_L:                 1.846154
gap_to_F_L:          0.363483
rho_lag1:            0.923169
norm_ratio_f_over_h: 0.219058
n_passages_used:     10000
val_loss:            3.527881
train_iters_done:    5000
train_seconds:       691.7
total_seconds:       701.5
peak_vram_mb:        5006.1
device_name:         NVIDIA RTX PRO 6000 Blackwell Server Edition MIG 1g.24gb
cuda_version:        12.8
AXV_METRICS_JSON {"F_L":1.8461538461538463,"batch_size":64,"block_size":256,"cka_matrix":[[1.0,0.9231689783852427,0.8887079304768466,0.8628179774418481,0.8405027702102943,0.8264441137318366,0.8046368578322997,0.7777409300539885,0.7451334921492365,0.7115768041874161,0.6905403570010518,0.7416661896346773],[0.9231689783852427,1.0,0.9231689783852427,0.8887079304768466,0.8628179774418481,0.8405027702102943,0.8264441137318366,0.8046368578322997,0.7777409300539885,0.7451334921492365,0.7115768041874161,0.6905403570010518],[0.8887079304768466,0.9231689783852427,1.0,0.9231689783852427,0.8887079304768466,0.8628179774418481,0.8405027702102943,0.8264441137318366,0.8046368578322997,0.7777409300539885,0.7451334921492365,0.7115768041874161],[0.8628179774418481,0.8887079304768466,0.9231689783852427,1.0,0.9231689783852427,0.8887079304768466,0.8628179774418481,0.8405027702102943,0.8264441137318366,0.8046368578322997,0.7777409300539885,0.7451334921492365],[0.8405027702102943,0.8628179774418481,0.8887079304768466,0.9231689783852427,1.0,0.9231689783852427,0.8887079304768466,0.8628179774418481,0.8405027702102943,0.8264441137318366,0.8046368578322997,0.7777409300539885],[0.8264441137318366,0.8405027702102943,0.8628179774418481,0.8887079304768466,0.9231689783852427,1.0,0.9231689783852427,0.8887079304768466,0.8628179774418481,0.8405027702102943,0.8264441137318366,0.8046368578322997],[0.8046368578322997,0.8264441137318366,0.8405027702102943,0.8628179774418481,0.8887079304768466,0.9231689783852427,1.0,0.9231689783852427,0.8887079304768466,0.8628179774418481,0.8405027702102943,0.8264441137318366],[0.7777409300539885,0.8046368578322997,0.8264441137318366,0.8405027702102943,0.8628179774418481,0.8887079304768466,0.9231689783852427,1.0,0.9231689783852427,0.8887079304768466,0.8628179774418481,0.8405027702102943],[0.7451334921492365,0.7777409300539885,0.8046368578322997,0.8264441137318366,0.8405027702102943,0.8628179774418481,0.8887079304768466,0.9231689783852427,1.0,0.9231689783852427,0.8887079304768466,0.8628179774418481],[0.7115768041874161,0.7451334921492365,0.7777409300539885,0.8046368578322997,0.8264441137318366,0.8405027702102943,0.8628179774418481,0.8887079304768466,0.9231689783852427,1.0,0.9231689783852427,0.8887079304768466],[0.6905403570010518,0.7115768041874161,0.7451334921492365,0.7777409300539885,0.8046368578322997,0.8264441137318366,0.8405027702102943,0.8628179774418481,0.8887079304768466,0.9231689783852427,1.0,0.9231689783852427],[0.7416661896346773,0.6905403570010518,0.7115768041874161,0.7451334921492365,0.7777409300539885,0.8046368578322997,0.8264441137318366,0.8405027702102943,0.8628179774418481,0.8887079304768466,0.9231689783852427,1.0]],"corpus_chars":1115394,"cuda_version":"12.8","d_eff":1.175107925714334,"d_eff_over_L":0.0979256604761945,"device":"cuda","device_name":"NVIDIA RTX PRO 6000 Blackwell Server Edition MIG 1g.24gb","gamma":1.0,"gap_to_F_L":0.3634832069047358,"max_iters":5000,"measure_seconds":7.78547739982605,"n_embd":384,"n_head":6,"n_layer":12,"n_passages_used":10000,"n_valid_positions_per_passage":256,"norm_ratio_update_over_state":0.21905807685934484,"num_params":21376128,"rho":{"1":0.9231689783852427,"10":0.6905403570010518,"11":0.7416661896346773,"2":0.8887079304768466,"3":0.8628179774418481,"4":0.8405027702102943,"5":0.8264441137318366,"6":0.8046368578322997,"7":0.7777409300539885,"8":0.7451334921492365,"9":0.7115768041874161},"rho_lag1":0.9231689783852427,"run_id":"2609.31098-a00-s1337","seed":1337,"tf32":true,"time_budget_kind":"fixed_iterations","torch_version":"2.8.0+cu128","total_seconds":701.4729423522949,"train_iters_done":5000,"train_seconds":691.7154836654663,"trained":true,"val_loss":3.5278806030750274,"vocab_size":65}
AXV_RUN_END 2609.31098-a00-s1337 status=ok
AXV_ARM_END 2609.31098-a00-s1337 rc=0 took_sec=703
guard_update: ms_per_iter=138 (measured train_seconds=691 over 5000 iters)
baseline_rc: 0
