run_id:        2609.31098-a03-s1337
device:        cuda
seed:          1337
n_layer:       12
n_embd:        384
n_head:        6
block_size:    256
batch_size:    64
gamma:         1.0
max_iters:     0
n_passages:    10000
train:         0
tf32:          True
model_config:  {'block_size': 256, 'vocab_size': 65, 'n_layer': 12, 'n_head': 6, 'n_embd': 384}
num_params:    21376128
vocab_size:    65
corpus_chars:  1115394
F_L:           1.846154
---
d_eff:               1.130112
d_eff_over_L:        0.094176
F_L:                 1.846154
gap_to_F_L:          0.387856
rho_lag1:            0.978292
norm_ratio_f_over_h: 0.479822
n_passages_used:     10000
val_loss:            4.202678
train_iters_done:    0
train_seconds:       0.0
total_seconds:       9.7
peak_vram_mb:        2008.0
device_name:         NVIDIA RTX PRO 6000 Blackwell Server Edition MIG 1g.24gb
cuda_version:        12.8
AXV_METRICS_JSON {"F_L":1.8461538461538463,"batch_size":64,"block_size":256,"cka_matrix":[[1.0,0.9782921430974715,0.9518646763086018,0.9249983180242144,0.8967921818150403,0.8668448984158673,0.8343912878281227,0.7966457265280155,0.7514378881330703,0.6976062813445258,0.6270143311846034,0.521251778208915],[0.9782921430974715,1.0,0.9782921430974715,0.9518646763086018,0.9249983180242144,0.8967921818150403,0.8668448984158673,0.8343912878281227,0.7966457265280155,0.7514378881330703,0.6976062813445258,0.6270143311846034],[0.9518646763086018,0.9782921430974715,1.0,0.9782921430974715,0.9518646763086018,0.9249983180242144,0.8967921818150403,0.8668448984158673,0.8343912878281227,0.7966457265280155,0.7514378881330703,0.6976062813445258],[0.9249983180242144,0.9518646763086018,0.9782921430974715,1.0,0.9782921430974715,0.9518646763086018,0.9249983180242144,0.8967921818150403,0.8668448984158673,0.8343912878281227,0.7966457265280155,0.7514378881330703],[0.8967921818150403,0.9249983180242144,0.9518646763086018,0.9782921430974715,1.0,0.9782921430974715,0.9518646763086018,0.9249983180242144,0.8967921818150403,0.8668448984158673,0.8343912878281227,0.7966457265280155],[0.8668448984158673,0.8967921818150403,0.9249983180242144,0.9518646763086018,0.9782921430974715,1.0,0.9782921430974715,0.9518646763086018,0.9249983180242144,0.8967921818150403,0.8668448984158673,0.8343912878281227],[0.8343912878281227,0.8668448984158673,0.8967921818150403,0.9249983180242144,0.9518646763086018,0.9782921430974715,1.0,0.9782921430974715,0.9518646763086018,0.9249983180242144,0.8967921818150403,0.8668448984158673],[0.7966457265280155,0.8343912878281227,0.8668448984158673,0.8967921818150403,0.9249983180242144,0.9518646763086018,0.9782921430974715,1.0,0.9782921430974715,0.9518646763086018,0.9249983180242144,0.8967921818150403],[0.7514378881330703,0.7966457265280155,0.8343912878281227,0.8668448984158673,0.8967921818150403,0.9249983180242144,0.9518646763086018,0.9782921430974715,1.0,0.9782921430974715,0.9518646763086018,0.9249983180242144],[0.6976062813445258,0.7514378881330703,0.7966457265280155,0.8343912878281227,0.8668448984158673,0.8967921818150403,0.9249983180242144,0.9518646763086018,0.9782921430974715,1.0,0.9782921430974715,0.9518646763086018],[0.6270143311846034,0.6976062813445258,0.7514378881330703,0.7966457265280155,0.8343912878281227,0.8668448984158673,0.8967921818150403,0.9249983180242144,0.9518646763086018,0.9782921430974715,1.0,0.9782921430974715],[0.521251778208915,0.6270143311846034,0.6976062813445258,0.7514378881330703,0.7966457265280155,0.8343912878281227,0.8668448984158673,0.8967921818150403,0.9249983180242144,0.9518646763086018,0.9782921430974715,1.0]],"corpus_chars":1115394,"cuda_version":"12.8","d_eff":1.1301115627660083,"d_eff_over_L":0.09417596356383402,"device":"cuda","device_name":"NVIDIA RTX PRO 6000 Blackwell Server Edition MIG 1g.24gb","gamma":1.0,"gap_to_F_L":0.38785623683507886,"max_iters":0,"measure_seconds":7.731081485748291,"n_embd":384,"n_head":6,"n_layer":12,"n_passages_used":10000,"n_valid_positions_per_passage":256,"norm_ratio_update_over_state":0.4798220407174522,"num_params":21376128,"rho":{"1":0.9782921430974715,"10":0.6270143311846034,"11":0.521251778208915,"2":0.9518646763086018,"3":0.9249983180242144,"4":0.8967921818150403,"5":0.8668448984158673,"6":0.8343912878281227,"7":0.7966457265280155,"8":0.7514378881330703,"9":0.6976062813445258},"rho_lag1":0.9782921430974715,"run_id":"2609.31098-a03-s1337","seed":1337,"tf32":true,"time_budget_kind":"fixed_iterations","torch_version":"2.8.0+cu128","total_seconds":9.726786375045776,"train_iters_done":0,"train_seconds":9.5367431640625e-07,"trained":false,"val_loss":4.202677798271179,"vocab_size":65}
AXV_RUN_END 2609.31098-a03-s1337 status=ok
AXV_ARM_END 2609.31098-a03-s1337 rc=0 took_sec=12
a03_rc: 0
=== TIER 2: a fourth seed ===
AXV_ARM_SKIPPED 2609.31098-a00-s1340 tier=2 budget_guard remaining_sec=856 need_sec=793650 ms_per_iter=138
s1340_rc: 99
=== TIER 3: between-architecture reference, same cohort, same budget ===
AXV_ARM_SKIPPED 2609.31098-a01-s1337 tier=3 budget_guard remaining_sec=856 need_sec=793650 ms_per_iter=138
a01_rc: 99
=== TIER 4: the paper's own gamma=0.5 arm, estimator positive control ===
AXV_ARM_SKIPPED 2609.31098-a02-s1337 tier=4 budget_guard remaining_sec=856 need_sec=793650 ms_per_iter=138
a02_rc: 99
=== TIER 5b: finite-n estimator bias at the series operating point ===
prop3 n=  2000 mean_D_eff=1.624828 F_L=1.846154 rel_bias=-11.9885% seed_sd=0.000334
